300 entries to retry
[1/300] Retrying: 7-Eleven #36939B, Saginaw, MI... ✓ via zip centroid
[2/300] SKIP (bad address): 8K Before You Eat — "Hungry For Christ"
[3/300] Retrying: AD Bos Vending, Holland, MI... ✓ via zip centroid
[4/300] Retrying: Admiral Alma #5748, Alma, MI... ✓ via zip centroid
[5/300] Retrying: Admiral Houghton Lake #5829, Houghton Lake, MI... ✓ via zip centroid
[6/300] Retrying: Admiral Ithaca #5871, Ithaca, MI... ✓ via zip centroid
[7/300] SKIP (bad address): Adventure Bound Camping — "Resorts Of West Michigan"
[8/300] Retrying: Affogato's (KEY #50 ), Allendale, MI... ✓ via zip centroid
[9/300] Retrying: AGO #07 Paw Paw Citgo, Paw Paw, MI... ✓ via zip centroid
[10/300] Retrying: AGO #15 D Fruitridge Citgo, Walker, MI... ✓ via zip centroid
[11/300] Retrying: AGO #15 I/C Fruitridge Citgo, Walker, MI... ✓ via zip centroid
[12/300] Retrying: AGO #19 Portage Citgo, Portage, MI... ✓ via zip centroid
[13/300] Retrying: AGO #31 Sunrise Citgo, Ada, MI... ✓ via zip centroid
[14/300] Retrying: AGO #47 D 76th Street Citgo, Kentwood, MI... ✓ via zip centroid
[15/300] Retrying: AGO #48 D Lansing Citgo, Lansing, MI... ✓ via zip centroid
[16/300] Retrying: AGO #50 D Wilson Leonard, Grand Rapids, MI... ✓ via zip centroid
[17/300] Retrying: AGO #51 DeWitt, DeWitt, MI... ✓ via zip centroid
[18/300] Retrying: AGO #56 Ravenna, Ravenna, MI... ✓ via zip centroid
[19/300] SKIP (bad address): AJ'S — "Hill And Hollow Campground"
[20/300] Retrying: Amoco - Laddi Legacy, Michawaka, IN... ✗ still not found
[21/300] Retrying: Anchor Coffee LLC, Spruce, MI... ✓ via zip centroid
[22/300] Retrying: Anna's House Northland, Grand Rapids, MI... ✓ via zip centroid
[23/300] Retrying: Azucar Ice Cream Y Mas, Detroit, MI... ✓ via zip centroid
[24/300] Retrying: B-Town Party Store, Beaverton, MI... ✓ via zip centroid
[25/300] Retrying: B & D Creamery, Essexville, MI... ✓ via zip centroid
[26/300] Retrying: Back 40 Grocery & Variety, Cambridge City, IN... ✓ via zip centroid
[27/300] Retrying: Barden's Farm Market, South Haven, MI... ✓ via zip centroid
[28/300] Retrying: Baroda Soda LLC, Baroda, MI... ✓ via zip centroid
[29/300] Retrying: Beachplace ( KEY #92 ), Holland, MI... ✓ via zip centroid
[30/300] Retrying: Beechtree Party Store-Sunoco, Grand Haven, MI... ✓ via zip centroid
[31/300] Retrying: Ben & Janie's, Addison, MI... ✓ via zip centroid
[32/300] Retrying: Bent Tree Markets, Dowagiac, MI... ✓ via zip centroid
[33/300] Retrying: Berlin Fairy Dairy Group, Coopersville, MI... ✓ via zip centroid
[34/300] Retrying: Bethany Beach Tab (KEY #10), Sawyer, MI... ✓ via zip centroid
[35/300] Retrying: Big Happy's LLC, Hesperia, MI... ✓ via zip centroid
[36/300] Retrying: Big Star Scoops 'N' Treats LLC, Baldwin, MI... ✓ via zip centroid
[37/300] Retrying: Biggby #1 ABM, East Lansing, MI... ✓ via zip centroid
[38/300] Retrying: Biggby #1035 Hudsonville, Hudsonville, MI... ✓ via zip centroid
[39/300] Retrying: Biggby #1081 Howard City, Howard City, MI... ✓ via zip centroid
[40/300] Retrying: Biggby #127 ABM, Holland, OH... ✓ via zip centroid
[41/300] Retrying: Biggby #129 ABM, Perrysburg, OH... ✓ via zip centroid
[42/300] Retrying: Biggby #195 ABM, Toledo, OH... ✓ via zip centroid
[43/300] Retrying: Biggby #214 Grand Ledge, Grand Ledge, MI... ✓ via zip centroid
[44/300] Retrying: Biggby #222 ABM, Lansing, MI... ✓ via zip centroid
[45/300] Retrying: Biggby #324 Elkhart, Elkhart, IN... ✓ via zip centroid
[46/300] Retrying: Biggby #344 Kraft, Grand Rapids, MI... ✓ via zip centroid
[47/300] Retrying: Biggby #349 ABM, Lansing, MI... ✓ via zip centroid
[48/300] Retrying: Biggby #384 ABM, Monroe, MI... ✓ via zip centroid
[49/300] Retrying: Biggby #396 ABM, Ann Arbor, MI... ✓ via zip centroid
[50/300] Retrying: Biggby #408 ABM, Lansing, MI... ✓ via zip centroid
[51/300] Retrying: Biggby #425 Spring Lake, Spring Lake, MI... ✓ via zip centroid
[52/300] Retrying: Biggby #467 Ludington, Ludington, MI... ✓ via zip centroid
[53/300] Retrying: Biggby #488 Atkinson, Clio, MI... ✓ via zip centroid
[54/300] Retrying: Biggby #5 ABM, Lansing, MI... ✓ via zip centroid
[55/300] Retrying: Biggby #517 Whitehall, Whitehall, MI... ✓ via zip centroid
[56/300] Retrying: Biggby #536 Muskegon, Norton Shores, MI... ✓ via zip centroid
[57/300] Retrying: Biggby #555 Benton Harbon, Benton Harbor, MI... ✓ via zip centroid
[58/300] Retrying: Biggby #564 Traverse City, Traverse City, MI... ✓ via zip centroid
[59/300] Retrying: Biggby #565 Traverse City, Traverse City, MI... ✓ via zip centroid
[60/300] Retrying: Biggby #568 Eaton Rapids, Eaton Rapids, MI... ✓ via zip centroid
[61/300] Retrying: Biggby #692 Newaygo, Newaygo, MI... ✓ via zip centroid
[62/300] Retrying: Biggby #773 Plainwell, Plainwell, MI... ✓ via zip centroid
[63/300] Retrying: Biggby #854 Cadillac, Cadillac, MI... ✓ via zip centroid
[64/300] Retrying: Biggby #859 ABM, East Lansing, MI... ✓ via zip centroid
[65/300] Retrying: Bird Farm Meats Inc., Howard City, MI... ✓ via zip centroid
[66/300] Retrying: Black Bird Ice Cream, Prescott, MI... ✓ via zip centroid
[67/300] Retrying: Blue Lake Fine Arts Camp, Twin Lake, MI... ✓ via zip centroid
[68/300] Retrying: Blue Moon Ovid, Ovid, MI... ✓ via zip centroid
[69/300] Retrying: Borders Corner Store, Inc, Mt Pleasant, MI... ✓ via zip centroid
[70/300] Retrying: Branch Grocery Store, Branch, MI... ✓ via zip centroid
[71/300] Retrying: Bricks At Campau Corner, Alto, MI... ✓ via zip centroid
[72/300] Retrying: Busy Bee market, Johannesburg, MI... ✓ via zip centroid
[73/300] Retrying: C-Store Portage, Portage, MI... ✓ via zip centroid
[74/300] Retrying: Cafecito Caliente, Lansing, MI... ✓ via zip centroid
[75/300] Retrying: Camp AO-WA-KIYA, Shelby, MI... ✓ via zip centroid
[76/300] Retrying: Carsonville Dairy, Carsonville, MI... ✓ via zip centroid
[77/300] Retrying: CB Trading Post, Newaygo, MI... ✓ via zip centroid
[78/300] Retrying: Cedar Lake Grocery, Greenbush, MI... ✓ via zip centroid
[79/300] Retrying: Charley's Ice Cream, Gowen, MI... ✓ via zip centroid
[80/300] Retrying: Chillz Delights (KEY #119), N Manchester, IN... ✓ via zip centroid
[81/300] Retrying: Citgo Sunrise Travel Center, Oscoda, MI... ✓ via zip centroid
[82/300] Retrying: Clear Lake Party Store, West Branch, MI... ✓ via zip centroid
[83/300] Retrying: Clem's Market, Muskegon, MI... ✓ via zip centroid
[84/300] SKIP (bad address): Cobb's Cones LLC — "JKC State Park"
[85/300] Retrying: CoCoJo's A Zoomers RV Resort, Lagro, IN... ✓ via zip centroid
[86/300] Retrying: Colby's Cafe & Brew LLC, Whitehall, MI... ✓ via zip centroid
[87/300] Retrying: Coley Central Vending, Mt Pleasant, MI... ✓ via zip centroid
[88/300] Retrying: Cone Lickers, Cadillac, MI... ✓ via zip centroid
[89/300] Retrying: Conlee Oil - Clio, Clio, MI... ✓ via zip centroid
[90/300] Retrying: Cookies 'n Cream LLC, Fremont, MI... ✓ via zip centroid
[91/300] Retrying: Cops & Robbers - Birch Run, Birch Run, MI... ✓ via zip centroid
[92/300] Retrying: Corner House, Gladwin, MI... ✓ via zip centroid
[93/300] Retrying: Country Corner Ice Cream, Mt Pleasant, MI... ✓ via zip centroid
[94/300] Retrying: Country Sundae LLC, Hudsonville, MI... ✓ via zip centroid
[95/300] Retrying: Covert Park Beach  & Campgrnd, Covert, MI... ✓ via zip centroid
[96/300] Retrying: Covert/South Haven KOA, Covert, MI... ✓ via zip centroid
[97/300] Retrying: Cow Licks L.  Farm (KEY #91 ), Rockford, MI... ✓ via zip centroid
[98/300] Retrying: Creative Dining AO South, Lansing, MI... ✓ via zip centroid
[99/300] Retrying: Creative Dining Serv-Auto, Lansing, MI... ✓ via zip centroid
[100/300] Retrying: Creative Dining Serv-Jackson, Lansing, MI... ✓ via zip centroid
[101/300] Retrying: Crossroads Blueberry Market, West Olive, MI... ✓ via zip centroid
[102/300] Retrying: Curley Cone Wayland, Wayland, MI... ✓ via zip centroid
[103/300] Retrying: D&W 1591 Knapp Milk, Grand Rapids, MI... ✓ via zip centroid
[104/300] Retrying: Dairy Twist Cafe, Walled Lake, MI... ✓ via zip centroid
[105/300] Retrying: Dairy Zone, Petoskey, MI... ✓ via zip centroid
[106/300] Retrying: DeGrandchamp Farms, South Haven, MI... ✓ via zip centroid
[107/300] Retrying: Doordash Det-7 Southgate, Southgate, MI... ✓ via zip centroid
[108/300] Retrying: Doordash Grr-1 Wyoming, Wyoming, MI... ✓ via zip centroid
[109/300] Retrying: Dore's Stores - Bay City, Bay City, MI... ✓ via zip centroid
[110/300] Retrying: Dore's Stores - Whittemore, Whittemore, MI... ✓ via zip centroid
[111/300] Retrying: Dore Oil-Nester Creek #17, Prescott, MI... ✓ via zip centroid
[112/300] Retrying: Double Dip Depot (KEY #20 ), Grand Rapids, MI... ✓ via zip centroid
[113/300] Retrying: Double JJ Resort I/C, Rothbury, MI... ✓ via zip centroid
[114/300] Retrying: Dune Grass Concessions, Ludington, MI... ✓ via zip centroid
[115/300] Retrying: Edru Soft Serve, Holt, MI... ✓ via zip centroid
[116/300] Retrying: Eva's Dairy Cafe Inc., Lake Orion, MI... ✓ via zip centroid
[117/300] Retrying: Exit 76-Byron Corner Mara *D, Byron Center, MI... ✓ via zip centroid
[118/300] Retrying: Exit 76-Gezon, Grand Rapids, MI... ✓ via zip centroid
[119/300] Retrying: Exit 76-Lewiston Marathon, Lewiston, MI... ✓ via zip centroid
[120/300] Retrying: Exit 76-Lowell, Lowell, MI... ✓ via zip centroid
[121/300] Retrying: Exit 76-M 46 Truck Stop, Howard City, MI... ✓ via zip centroid
[122/300] Retrying: Exit 76-Olive Township, Holland, MI... ✓ via zip centroid
[123/300] Retrying: Exit 76-Remembrance Quick, Grand Rapids, MI... ✓ via zip centroid
[124/300] Retrying: Exit 76-Rockford Mobil Mart, Rockford, MI... ✓ via zip centroid
[125/300] Retrying: Exit 76-South End Marathon, Gaylord, MI... ✓ via zip centroid
[126/300] Retrying: Exit 76-Westside Mobil, Zeeland, MI... ✓ via zip centroid
[127/300] Retrying: Express Stop #4687, Paw Paw, MI... ✓ via zip centroid
[128/300] Retrying: Family Fare CD-239 Georgetown, Hudsonville, MI... ✓ via zip centroid
[129/300] Retrying: Family Time Concessions LLC, Nashville, MI... ✓ via zip centroid
[130/300] Retrying: Farmer In The Dell-Crystal IC, Vestaburg, MI... ✓ via zip centroid
[131/300] Retrying: Fastlane - Brooklyn #18, Brooklyn, MI... ✓ via zip centroid
[132/300] Retrying: Flem Shell Fennville, Fennville, MI... ✓ via zip centroid
[133/300] Retrying: Flem Shell Hartford, Hartford, MI... ✓ via zip centroid
[134/300] Retrying: Flushing Farms, Flushing, MI... ✓ via zip centroid
[135/300] Retrying: Food Bank Council/ MI Kentwood, Lansing, MI... ✓ via zip centroid
[136/300] Retrying: Fox Lake General Store, Twin Lake, MI... ✓ via zip centroid
[137/300] Retrying: Frank's Market, Grand Haven, MI... ✓ via zip centroid
[138/300] Retrying: Freakin' Pickles LLC, AuGres, MI... ✓ via zip centroid
[139/300] Retrying: Frosty Queen II, New Haven, MI... ✓ via zip centroid
[140/300] Retrying: Gene's Family Market - Newago, Newaygo, MI... ✓ via zip centroid
[141/300] Retrying: Grace Adventure Dunes Harbor, Mears, MI... ✓ via zip centroid
[142/300] Retrying: Grace Adventures, Mears, MI... ✓ via zip centroid
[143/300] Retrying: Green Vale Farms, Marne, MI... ✓ via zip centroid
[144/300] Retrying: Grombir Transport Inc, New Lothrop, MI... ✓ via zip centroid
[145/300] Retrying: Halo Burger Grand Blanc, Grand Blanc, MI... ✓ via zip centroid
[146/300] Retrying: Hamel's Farm Market & Nursery, Stanton, MI... ✓ via zip centroid
[147/300] Retrying: Han-D-Dip Dairy Barn, Livonia, MI... ✓ via zip centroid
[148/300] Retrying: Hansens Quick Stop - 15, Ovid, MI... ✓ via zip centroid
[149/300] Retrying: Harbor Cove RV Resort, LLC, Coldwater, MI... ✓ via zip centroid
[150/300] Retrying: Heritage Farms Mkt, LLC, Fremont, MI... ✓ via zip centroid
[151/300] Retrying: Hesperia Sunoco, Hesperia, MI... ✓ via zip centroid
[152/300] Retrying: Hideaway Campground, Mears, MI... ✓ via zip centroid
[153/300] Retrying: Hill and Hollow Campground, Pentwater, MI... ✓ via zip centroid
[154/300] Retrying: Hilltop Party Store, Hartland, MI... ✓ via zip centroid
[155/300] Retrying: Hometown Creamery, Muskegon, MI... ✓ via zip centroid
[156/300] Retrying: Horrock's, Kentwood, MI... ✓ via zip centroid
[157/300] Retrying: Hubbard Lake General Store, Hubbard Lake, MI... ✓ via zip centroid
[158/300] Retrying: Insomnia Cookies 151  LLC, Allendale, MI... ✓ via zip centroid
[159/300] Retrying: J's Korner Store, Bay City, MI... ✓ via zip centroid
[160/300] Retrying: Jaami's Ice Cream & Treats, Frankenmuth, MI... ✓ via zip centroid
[161/300] Retrying: Jellystone Park - Silver Lake, Mears, MI... ✓ via zip centroid
[162/300] Retrying: Joe's Market, Palo, MI... ✓ via zip centroid
[163/300] Retrying: Juliet Chocolate Factory-Cante, Lake Orion, MI... ✓ via zip centroid
[164/300] Retrying: K & S Vending Services, Mattawan, MI... ✓ via zip centroid
[165/300] Retrying: Kamphuis Blueberries LTD, Holland, MI... ✓ via zip centroid
[166/300] Retrying: Kwik Mart, Walkerville, MI... ✓ via zip centroid
[167/300] Retrying: L.H. Piggott & Girls, Inc, Benton Harbor, MI... ✓ via zip centroid
[168/300] Retrying: Lake Ann Camp, Lake Ann, MI... ✓ via zip centroid
[169/300] Retrying: Lakewood Quick stop, Twin Lake, MI... ✓ via zip centroid
[170/300] Retrying: Laurels of Carson City, Carson City, MI... ✓ via zip centroid
[171/300] Retrying: Laurels of Fulton, Perrinton, MI... ✓ via zip centroid
[172/300] Retrying: Leonard & Walker Amoco Milk, Grand Rapids, MI... ✓ via zip centroid
[173/300] Retrying: Liftoff Creamery-Greenwood, Greenwood, IN... ✓ via zip centroid
[174/300] Retrying: Liftoff Creamery - Indy, Indianapolis, IN... ✓ via zip centroid
[175/300] Retrying: Little Dipper Cafe (KEY #30 ), Hudsonville, MI... ✓ via zip centroid
[176/300] Retrying: Lower Hamlin Grocery, Ludington, MI... ✓ via zip centroid
[177/300] Retrying: Mac's Farm Market, Edmore, MI... ✓ via zip centroid
[178/300] Retrying: Mantke's Mini Mart, Dowagiac, MI... ✓ via zip centroid
[179/300] Retrying: Maple Valley Market, Trufant, MI... ✓ via zip centroid
[180/300] Retrying: Marathon Deo Volente 3 LLC, Port Sanilac, MI... ✓ via zip centroid
[181/300] Retrying: Martha's Quick Stop #24, Flushing, MI... ✓ via zip centroid
[182/300] Retrying: May May's Cones & Dogs, Dowagiac, MI... ✓ via zip centroid
[183/300] Retrying: McGregor's Country Store, Prescott, MI... ✓ via zip centroid
[184/300] Retrying: Mega Tacos, Wyoming, MI... ✓ via zip centroid
[185/300] Retrying: Meijer 193 Ludington CD, Ludington, MI... ✓ via zip centroid
[186/300] Retrying: Meijer 193 Ludington IC, Ludington, MI... ✓ via zip centroid
[187/300] Retrying: Meijer 33 Traverse City CD, Traverse City, MI... ✓ via zip centroid
[188/300] Retrying: Merindorf Meat - Mason, Mason, MI... ✓ via zip centroid
[189/300] Retrying: Michelle's Cool Dip, Weidman, MI... ✓ via zip centroid
[190/300] SKIP (bad address): Michigan Food Market — "G 4508 Van Slyke Rd"
[191/300] Retrying: Mike And Tina's, Stockbridge, MI... ✓ via zip centroid
[192/300] Retrying: Millie's Farms LLC, Newaygo, MI... ✓ via zip centroid
[193/300] Retrying: Miners Grove, East Tawas, MI... ✓ via zip centroid
[194/300] Retrying: Mr. Bibs LLC, Baldwin, MI... ✓ via zip centroid
[195/300] Retrying: MSU Jenison Fieldhouse, East Lansing, MI... ✓ via zip centroid
[196/300] Retrying: Mugg & Bopps #14, Howell, MI... ✓ via zip centroid
[197/300] Retrying: Mugg & Bopps #18, Howell, MI... ✓ via zip centroid
[198/300] Retrying: Mugg & Bopps #7, Gregory, MI... ✓ via zip centroid
[199/300] Retrying: Mussell Beach, Bay City, MI... ✓ via zip centroid
[200/300] Retrying: Na-Tah-Ka, Irons, MI... ✓ via zip centroid
[201/300] Retrying: Nancy's @ The Lake, New Buffalo, MI... ✓ via zip centroid
[202/300] Retrying: Nauti MI On The River, Pinckney, MI... ✓ via zip centroid
[203/300] SKIP (bad address): Newaygo Farm Bureau — "PO Box 63"
[204/300] Retrying: Nick's 22nd St Steak House, Utica, MI... ✓ via zip centroid
[205/300] Retrying: Nienhuis Dairy Farm LLC, Zeeland, MI... ✓ via zip centroid
[206/300] Retrying: North Shore Market, Linden, MI... ✓ via zip centroid
[207/300] Retrying: Nuvu Fuels, Manistee, MI... ✓ via zip centroid
[208/300] Retrying: Ole Dam Rd Party Store, Grayling, MI... ✓ via zip centroid
[209/300] Retrying: OM Petroleum1 Inc., Elm Hall, MI... ✓ via zip centroid
[210/300] Retrying: Orangeville Fast Stop #4692, Shelbyville, MI... ✓ via zip centroid
[211/300] Retrying: Orchard Market Freesoil, Freesoil, MI... ✓ via zip centroid
[212/300] Retrying: Outdoor Adventures Omer, Omer, MI... ✓ via zip centroid
[213/300] Retrying: Park Lake Creamery Warehouse, Haslett, MI... ✓ via zip centroid
[214/300] Retrying: Parkside Store, Mears, MI... ✓ via zip centroid
[215/300] Retrying: Peachwave, Wyoming, MI... ✓ via zip centroid
[216/300] Retrying: Pete's Party and Supply LLC, Oscoda, MI... ✓ via zip centroid
[217/300] Retrying: Petro P-Cornerstone BP #330, Grand Rapids, MI... ✓ via zip centroid
[218/300] Retrying: Petro P-Yankee Sp Marathon 415, Middleville, MI... ✓ via zip centroid
[219/300] Retrying: Pic -n- Pac, Muskegon, MI... ✓ via zip centroid
[220/300] Retrying: Pig -N- Pizza LLC (KEY #36 ), Three Rivers, MI... ✓ via zip centroid
[221/300] Retrying: Pine River General Store, LLC, Wellston, MI... ✓ via zip centroid
[222/300] Retrying: Post Family Farm LLC, Hudsonville, MI... ✓ via zip centroid
[223/300] Retrying: Quality Dairy #18, Holt, MI... ✓ via zip centroid
[224/300] Retrying: Quick Stop 22, Corunna, MI... ✓ via zip centroid
[225/300] Retrying: Quick Stop 26, Durand, MI... ✓ via zip centroid
[226/300] Retrying: Quickwater Coffee ( KEY #76 ), Rockford, MI... ✓ via zip centroid
[227/300] Retrying: Quickway Liquor LLC, South Haven, MI... ✓ via zip centroid
[228/300] Retrying: River View Campground, Sterling, MI... ✓ via zip centroid
[229/300] Retrying: Rodriguez Supermarket #1, Wyoming, MI... ✓ via zip centroid
[230/300] Retrying: Rogers Family Mkt Hale MILK, Hale, MI... ✓ via zip centroid
[231/300] Retrying: Rosati's Mkt #3 Beaverton IC, Beaverton, MI... ✓ via zip centroid
[232/300] Retrying: Rosati's Mkt Hemlock IC, Hemlock, MI... ✓ via zip centroid
[233/300] Retrying: Ruth Ann's Ice Cream, North Muskegon, MI... ✓ via zip centroid
[234/300] Retrying: Sanilac County 4-H Teen Shack, Sandusky, MI... ✓ via zip centroid
[235/300] Retrying: Scoops and Smiles, Inc, Knox, IN... ✓ via zip centroid
[236/300] Retrying: Scoops Of Fun, Angola, IN... ✓ via zip centroid
[237/300] Retrying: Scooters Bean Me Up LLC, Holly, MI... ✓ via zip centroid
[238/300] Retrying: Scooters Coffee Sterling Hgt, Sterling Heights, MI... ✓ via zip centroid
[239/300] Retrying: Scooters Coffee Sylvania, Toledo, OH... ✓ via zip centroid
[240/300] Retrying: Shaftsburg Village Market, Shaftsburg, MI... ✓ via zip centroid
[241/300] Retrying: Shephardsville Corner Store, Ovid, MI... ✓ via zip centroid
[242/300] Retrying: Shorty's Ice Cream & Pizza LLC, Sand Lake, MI... ✓ via zip centroid
[243/300] Retrying: Silver Lake Resort/Campground, Mears, MI... ✓ via zip centroid
[244/300] Retrying: Silver Scoops Cafe & Creamery, Mears, MI... ✓ via zip centroid
[245/300] Retrying: South Branch General, South Branch, MI... ✓ via zip centroid
[246/300] Retrying: South Branch Market, Grayling, MI... ✓ via zip centroid
[247/300] Retrying: South Haven Family Campground, South Haven, MI... ✓ via zip centroid
[248/300] Retrying: Southern Spoon, Middleville, MI... ✓ via zip centroid
[249/300] Retrying: Sprinkles Donut  Ada, Ada, MI... ✓ via zip centroid
[250/300] Retrying: Sprinkles Donut  Holland, Holland, MI... ✓ via zip centroid
[251/300] Retrying: Sprinkles Donut  Rockford, Rockford, MI... ✓ via zip centroid
[252/300] Retrying: Sprinkles Donut Allendale, Allendale, MI... ✓ via zip centroid
[253/300] Retrying: Square Scoop, Indianapolis, IN... ✓ via zip centroid
[254/300] Retrying: St. Charles Oil Co., St Charles, MI... ✓ via zip centroid
[255/300] Retrying: Station 66 LLC, Battle Creek, MI... ✓ via zip centroid
[256/300] Retrying: Stoney Lake Lutheran, New Era, MI... ✓ via zip centroid
[257/300] Retrying: Stoney Lake Store, Shelby, MI... ✓ via zip centroid
[258/300] Retrying: Stop & Shop, Lansing, MI... ✓ via zip centroid
[259/300] Retrying: Stop n Go, Roseville, MI... ✓ via zip centroid
[260/300] Retrying: Sugar Rush Sweets, Frankenmuth, MI... ✓ via zip centroid
[261/300] Retrying: Sully's Sweet Shop #2, Mackinaw City, MI... ✓ via zip centroid
[262/300] Retrying: Sundae's Afternoon, Omer, MI... ✓ via zip centroid
[263/300] Retrying: Sunoco 32 Mile Rd, Armada Park, MI... ✓ via zip centroid
[264/300] Retrying: Super La Esmeralda (KEY #46 ), Wyoming, MI... ✓ via zip centroid
[265/300] Retrying: Super Mercado Division, Wyoming, MI... ✓ via zip centroid
[266/300] Retrying: Supermercado San Jose, LLC, Comstock Park, MI... ✓ via zip centroid
[267/300] Retrying: Sweet B's Ice Cream, Keego Harbor, MI... ✓ via zip centroid
[268/300] Retrying: Sweet Serendipity LLC (KEY #27, Edmore, MI... ✓ via zip centroid
[269/300] Retrying: Tailgaters Delta, Lansing, MI... ✓ via zip centroid
[270/300] Retrying: Tailgaters LLC, Lansing, MI... ✓ via zip centroid
[271/300] Retrying: Talking Bear Eats, Plymouth, IN... ✓ via zip centroid
[272/300] Retrying: Tasty Creationz, Mears, MI... ✓ via zip centroid
[273/300] Retrying: The Corner Cup Coffeehouse, Remus, MI... ✓ via zip centroid
[274/300] Retrying: The Dairy House - Freeland, Freeland, MI... ✓ via zip centroid
[275/300] Retrying: The Little Store, Fennville, MI... ✓ via zip centroid
[276/300] Retrying: The New Glenn Store, Fennville, MI... ✓ via zip centroid
[277/300] Retrying: The Olde Creamery, LLC, Riverdale, MI... ✓ via zip centroid
[278/300] Retrying: The Other Place at Silver Lake, Mears, MI... ✓ via zip centroid
[279/300] Retrying: The Pump House Standale-MoJam, Grand Rapids, MI... ✓ via zip centroid
[280/300] Retrying: The Shack/Grace Adventures, White Cloud, MI... ✓ via zip centroid
[281/300] Retrying: The Sweet Tooth Of Marine City, Marine City, MI... ✓ via zip centroid
[282/300] Retrying: The Village Mart, Crossvillage, MI... ✗ still not found
[283/300] SKIP (bad address): The Yogurt Station — "Sunny's Food Mart"
[284/300] Retrying: Tienda La Bendicion, Grand Rapids, MI... ✓ via zip centroid
[285/300] Retrying: Tip Top Ice Cream Shop, Houghton Lake, MI... ✓ via zip centroid
[286/300] SKIP (bad address): Tom's Mkrt-West*D — "TOM'S WEST BAY SHOPPING CTR."
[287/300] Retrying: Toski Sands Market, Petoskey, MI... ✓ via zip centroid
[288/300] Retrying: Trailside Gas & Grocery, Big Rapids, MI... ✓ via zip centroid
[289/300] Retrying: Twisters - Alma, Alma, MI... ✓ via zip centroid
[290/300] Retrying: Twisters - St. Johns, St Johns, MI... ✓ via zip centroid
[291/300] Retrying: Up North Farm Market LLC, Hart, MI... ✓ via zip centroid
[292/300] Retrying: Urban Swirl, Granger, IN... ✓ via zip centroid
[293/300] Retrying: Victorian Cafe, Hale, MI... ✓ via zip centroid
[294/300] Retrying: VJ Distribution Center Inc., Dearborn, MI... ✓ via zip centroid
[295/300] Retrying: Walloon Village General Store, Walloon Lake, MI... ✓ via zip centroid
[296/300] Retrying: Walnut Hills Family Campground, Durand, MI... ✓ via zip centroid
[297/300] Retrying: Walravens, Harrison, MI... ✓ via zip centroid
[298/300] SKIP (bad address): Warren Dunes Camp Store — "State Park"
[299/300] Retrying: Wesco #10, Adrian, MI... ✓ via zip centroid
[300/300] Retrying: Wesco #11, Brooklyn, MI... ✓ via zip centroid

Done. 289 newly resolved, 9 skipped (bad address).
Total retailers: 1338
